essay004.txt
essay005.txt
essay006.txt
essay021.txt
essay042.txt
essay052.txt
essay061.txt
essay068.txt
essay071.txt
essay072.txt
essay077.txt
essay082.txt
essay086.txt
essay091.txt
essay097.txt
essay098.txt
essay103.txt
essay104.txt
essay108.txt
essay117.txt
essay119.txt
essay126.txt
essay129.txt
essay136.txt
essay139.txt
essay142.txt
essay149.txt
essay154.txt
essay160.txt
essay163.txt
essay169.txt
essay172.txt
essay180.txt
essay182.txt
essay187.txt
essay192.txt
essay193.txt
essay199.txt
essay202.txt
essay204.txt
essay211.txt
essay212.txt
essay218.txt
essay220.txt
essay221.txt
essay227.txt
essay229.txt
essay234.txt
essay240.txt
essay241.txt
essay243.txt
essay245.txt
essay252.txt
essay255.txt
essay259.txt
essay265.txt
essay266.txt
essay277.txt
essay278.txt
essay287.txt
essay289.txt
essay301.txt
essay306.txt
essay310.txt
essay316.txt
essay322.txt
essay328.txt
essay331.txt
essay335.txt
essay341.txt
essay348.txt
essay352.txt
essay355.txt
essay359.txt
essay364.txt
essay373.txt
essay382.txt
essay386.txt
essay393.txt
essay398.txt
