essay001.txt
essay002.txt
essay003.txt
essay007.txt
essay008.txt
essay009.txt
essay010.txt
essay011.txt
essay012.txt
essay013.txt
essay014.txt
essay015.txt
essay016.txt
essay017.txt
essay018.txt
essay019.txt
essay020.txt
essay022.txt
essay023.txt
essay024.txt
essay025.txt
essay026.txt
essay027.txt
essay028.txt
essay029.txt
essay030.txt
essay031.txt
essay032.txt
essay033.txt
essay034.txt
essay035.txt
essay036.txt
essay037.txt
essay038.txt
essay039.txt
essay040.txt
essay041.txt
essay043.txt
essay044.txt
essay045.txt
essay046.txt
essay047.txt
essay048.txt
essay049.txt
essay050.txt
essay051.txt
essay053.txt
essay054.txt
essay055.txt
essay056.txt
essay057.txt
essay058.txt
essay059.txt
essay060.txt
essay062.txt
essay063.txt
essay064.txt
essay065.txt
essay066.txt
essay067.txt
essay069.txt
essay070.txt
essay073.txt
essay074.txt
essay075.txt
essay076.txt
essay078.txt
essay079.txt
essay080.txt
essay081.txt
essay083.txt
essay084.txt
essay085.txt
essay087.txt
essay088.txt
essay089.txt
essay090.txt
essay092.txt
essay093.txt
essay094.txt
essay095.txt
essay096.txt
essay099.txt
essay100.txt
essay101.txt
essay102.txt
essay105.txt
essay106.txt
essay107.txt
essay109.txt
essay110.txt
essay111.txt
essay112.txt
essay113.txt
essay114.txt
essay115.txt
essay116.txt
essay118.txt
essay120.txt
essay121.txt
essay122.txt
essay123.txt
essay124.txt
essay125.txt
essay127.txt
essay128.txt
essay130.txt
essay131.txt
essay132.txt
essay133.txt
essay134.txt
essay135.txt
essay137.txt
essay138.txt
essay140.txt
essay141.txt
essay143.txt
essay144.txt
essay145.txt
essay146.txt
essay147.txt
essay148.txt
essay150.txt
essay151.txt
essay152.txt
essay153.txt
essay155.txt
essay156.txt
essay157.txt
essay158.txt
essay159.txt
essay161.txt
essay162.txt
essay164.txt
essay165.txt
essay166.txt
essay167.txt
essay168.txt
essay170.txt
essay171.txt
essay173.txt
essay174.txt
essay175.txt
essay176.txt
essay177.txt
essay178.txt
essay179.txt
essay181.txt
essay183.txt
essay184.txt
essay185.txt
essay186.txt
essay188.txt
essay189.txt
essay190.txt
essay191.txt
essay194.txt
essay195.txt
essay196.txt
essay197.txt
essay198.txt
essay200.txt
essay201.txt
essay203.txt
essay205.txt
essay206.txt
essay207.txt
essay208.txt
essay209.txt
essay210.txt
essay213.txt
essay214.txt
essay215.txt
essay216.txt
essay217.txt
essay219.txt
essay222.txt
essay223.txt
essay224.txt
essay225.txt
essay226.txt
essay228.txt
essay230.txt
essay231.txt
essay232.txt
essay233.txt
essay235.txt
essay236.txt
essay237.txt
essay238.txt
essay239.txt
essay242.txt
essay244.txt
essay246.txt
essay247.txt
essay248.txt
essay249.txt
essay250.txt
essay251.txt
essay253.txt
essay254.txt
essay256.txt
essay257.txt
essay258.txt
essay260.txt
essay261.txt
essay262.txt
essay263.txt
essay264.txt
essay267.txt
essay268.txt
essay269.txt
essay270.txt
essay271.txt
essay272.txt
essay273.txt
essay274.txt
essay275.txt
essay276.txt
essay279.txt
essay280.txt
essay281.txt
essay282.txt
essay283.txt
essay284.txt
essay285.txt
essay286.txt
essay288.txt
essay290.txt
essay291.txt
essay292.txt
essay293.txt
essay294.txt
essay295.txt
essay296.txt
essay297.txt
essay298.txt
essay299.txt
essay300.txt
essay302.txt
essay303.txt
essay304.txt
essay305.txt
essay307.txt
essay308.txt
essay309.txt
essay311.txt
essay312.txt
essay313.txt
essay314.txt
essay315.txt
essay317.txt
essay318.txt
essay319.txt
essay320.txt
essay321.txt
essay323.txt
essay324.txt
essay325.txt
essay326.txt
essay327.txt
essay329.txt
essay330.txt
essay332.txt
essay333.txt
essay334.txt
essay336.txt
essay337.txt
essay338.txt
essay339.txt
essay340.txt
essay342.txt
essay343.txt
essay344.txt
essay345.txt
essay346.txt
essay347.txt
essay349.txt
essay350.txt
essay351.txt
essay353.txt
essay354.txt
essay356.txt
essay357.txt
essay358.txt
essay360.txt
essay361.txt
essay362.txt
essay363.txt
essay365.txt
essay366.txt
essay367.txt
essay368.txt
essay369.txt
essay370.txt
essay371.txt
essay372.txt
essay374.txt
essay375.txt
essay376.txt
essay377.txt
essay378.txt
essay379.txt
essay380.txt
essay381.txt
essay383.txt
essay384.txt
essay385.txt
essay387.txt
essay388.txt
essay389.txt
essay390.txt
essay391.txt
essay392.txt
essay394.txt
essay395.txt
essay396.txt
essay397.txt
essay399.txt
essay400.txt
essay401.txt
essay402.txt
